(1, 'ilyasnawawie@gmail.com', 'admin12345', '1a3b5c7d9e2f4g6h8i0j2k4l6m8n0o2p')
